---
source: crates/ruff/src/rules/wemake_python_styleguide/mod.rs
---
WPS111.py:1:34: WPS111 Found too short name: `p`
  |
1 | from matplotlib import pyplot as p  # bad
  |                                  ^ WPS111
2 | from matplotlib import pyplot as plt  # good
  |

WPS111.py:4:17: WPS111 Found too short name: `n`
  |
2 | from matplotlib import pyplot as plt  # good
3 | 
4 | import numpy as n  # bad
  |                 ^ WPS111
5 | import numpy as np  # good
  |

WPS111.py:7:1: WPS111 Found too short name: `x`
  |
5 | import numpy as np  # good
6 | 
7 | x = 1  # bad
  | ^ WPS111
8 | x_coordinate = 1  # good
  |

WPS111.py:10:1: WPS111 Found too short name: `y`
   |
 8 | x_coordinate = 1  # good
 9 | 
10 | y = 2  # bad
   | ^ WPS111
11 | abscissa = 2  # good
   |

WPS111.py:13:1: WPS111 Found too short name: `z`
   |
11 | abscissa = 2  # good
12 | 
13 | z: int = 1  # bad
   | ^ WPS111
14 | z_coordinate: int = 1  # good
   |

WPS111.py:16:1: WPS111 Found too short name: `c`
   |
14 | z_coordinate: int = 1  # good
15 | 
16 | c: str | bytes = "drop foo bar"  # bad
   | ^ WPS111
17 | command: str | bytes = "drop foo bar"  # good
   |

WPS111.py:22:5: WPS111 Found too short name: `f`
   |
22 | def f(a: int, b):  # bad
   |     ^ WPS111
23 |     pass
   |

WPS111.py:22:7: WPS111 Found too short name: `a`
   |
22 | def f(a: int, b):  # bad
   |       ^ WPS111
23 |     pass
   |

WPS111.py:22:15: WPS111 Found too short name: `b`
   |
22 | def f(a: int, b):  # bad
   |               ^ WPS111
23 |     pass
   |

WPS111.py:30:7: WPS111 Found too short name: `C`
   |
30 | class C:  # bad
   |       ^ WPS111
31 |     pass
   |

WPS111.py:39:21: WPS111 Found too short name: `c`
   |
38 | match command.split():
39 |     case ["quit" as c]:  # bad
   |                     ^ WPS111
40 |         pass
41 |     case ["go", d]:  # bad
   |

WPS111.py:41:17: WPS111 Found too short name: `d`
   |
39 |     case ["quit" as c]:  # bad
40 |         pass
41 |     case ["go", d]:  # bad
   |                 ^ WPS111
42 |         pass
43 |     case ["drop", *o]:  # bad
   |

WPS111.py:43:20: WPS111 Found too short name: `o`
   |
41 |     case ["go", d]:  # bad
42 |         pass
43 |     case ["drop", *o]:  # bad
   |                    ^ WPS111
44 |         pass
   |


